<testsuites id="" name="" tests="1" failures="0" skipped="0" errors="0" time="28.697576">
<testsuite name="Register\register.spec.ts" timestamp="2025-10-19T22:35:53.040Z" hostname="" tests="1" failures="0" skipped="0" time="25.077" errors="0">
<testcase name="Register test cases › To verify the Register form with valid crede" classname="Register\register.spec.ts" time="25.077">
<system-out>
<![CDATA[
[[ATTACHMENT|test-results\Register-register-Register-9a97f-ister-form-with-valid-crede\test-finished-1.png]]

[[ATTACHMENT|test-results\Register-register-Register-9a97f-ister-form-with-valid-crede\video.webm]]

[[ATTACHMENT|test-results\Register-register-Register-9a97f-ister-form-with-valid-crede\trace.zip]]
]]>
</system-out>
</testcase>
</testsuite>
</testsuites>